172.19.0.1 - - [16/Jun/2020:21:35:52 +0000] "GET /ui/app/components/directives/mn_search/mn_search.html HTTP/1.1" 200 864 http://localhost:8091/ui/index.html Mozilla/5.0 (Macintosh; Intel Mac OS X 10_15_5) AppleWebKit/537.36 (KHTML, like Gecko) Chrome/83.0.4103.106 Safari/537.36
172.19.0.1 - - [16/Jun/2020:21:35:52 +0000] "GET /spinner_3.gif HTTP/1.1" 304 0 http://localhost:8091/ui/app/css/cbui-components.css Mozilla/5.0 (Macintosh; Intel Mac OS X 10_15_5) AppleWebKit/537.36 (KHTML, like Gecko) Chrome/83.0.4103.106 Safari/537.36
172.19.0.1 - - [16/Jun/2020:21:35:52 +0000] "GET /ui/app/css/fonts/OpenSans-Regular.woff HTTP/1.1" 304 0 http://localhost:8091/ui/app/css/cbui-base.css Mozilla/5.0 (Macintosh; Intel Mac OS X 10_15_5) AppleWebKit/537.36 (KHTML, like Gecko) Chrome/83.0.4103.106 Safari/537.36
172.19.0.1 - - [16/Jun/2020:21:35:52 +0000] "GET /ui/app/css/fonts/fontawesome-webfont.woff?v=4.7.0 HTTP/1.1" 304 0 http://localhost:8091/ui/app/css/font-awesome.css Mozilla/5.0 (Macintosh; Intel Mac OS X 10_15_5) AppleWebKit/537.36 (KHTML, like Gecko) Chrome/83.0.4103.106 Safari/537.36
172.19.0.1 - admin/UI [16/Jun/2020:21:35:52 +0000] "GET /logs/rebalanceReport HTTP/1.1" 200 18 http://localhost:8091/ui/index.html Mozilla/5.0 (Macintosh; Intel Mac OS X 10_15_5) AppleWebKit/537.36 (KHTML, like Gecko) Chrome/83.0.4103.106 Safari/537.36
172.19.0.1 - - [16/Jun/2020:21:35:52 +0000] "GET /ui/app/mn_admin/mn_indexes/mn_gsi/mn_gsi_table_directive.html HTTP/1.1" 200 5782 http://localhost:8091/ui/index.html Mozilla/5.0 (Macintosh; Intel Mac OS X 10_15_5) AppleWebKit/537.36 (KHTML, like Gecko) Chrome/83.0.4103.106 Safari/537.36
127.0.0.1 - @cbq-engine-cbauth [16/Jun/2020:21:35:52 +0000] "GET /pools/default/buckets/platzi/ddocs HTTP/1.1" 200 11 - Go-http-client/1.1
127.0.0.1 - @cbq-engine-cbauth [16/Jun/2020:21:35:52 +0000] "GET /pools/default/nodeServices HTTP/1.1" 200 588 - Go-http-client/1.1
127.0.0.1 - admin/UI [16/Jun/2020:21:35:52 +0000] "POST /_cbauth HTTP/1.1" 200 33 - Go-http-client/1.1
127.0.0.1 - @cbq-engine-cbauth [16/Jun/2020:21:35:52 +0000] "GET /pools/default?uuid=5a089e7da3564977f29225c27f56ce48 HTTP/1.1" 200 4534 - Go-http-client/1.1
127.0.0.1 - @cbq-engine-cbauth [16/Jun/2020:21:35:52 +0000] "GET /pools/default/buckets?v=131324991&uuid=5a089e7da3564977f29225c27f56ce48 HTTP/1.1" 200 7254 - Go-http-client/1.1
127.0.0.1 - admin/UI [16/Jun/2020:21:35:53 +0000] "POST /_cbauth HTTP/1.1" 200 33 - Go-http-client/1.1
172.19.0.1 - admin/UI [16/Jun/2020:21:35:53 +0000] "POST /_p/query/query/service HTTP/1.1" 200 chunked http://localhost:8091/ui/index.html Mozilla/5.0 (Macintosh; Intel Mac OS X 10_15_5) AppleWebKit/537.36 (KHTML, like Gecko) Chrome/83.0.4103.106 Safari/537.36
127.0.0.1 - admin/UI [16/Jun/2020:21:35:53 +0000] "POST /_cbauth HTTP/1.1" 200 33 - Go-http-client/1.1
127.0.0.1 - @cbq-engine-cbauth [16/Jun/2020:21:35:53 +0000] "GET /pools/default?uuid=5a089e7da3564977f29225c27f56ce48 HTTP/1.1" 200 4534 - Go-http-client/1.1
127.0.0.1 - @cbq-engine-cbauth [16/Jun/2020:21:35:53 +0000] "GET /pools/default/buckets?v=131324991&uuid=5a089e7da3564977f29225c27f56ce48 HTTP/1.1" 200 7254 - Go-http-client/1.1
127.0.0.1 - @cbq-engine-cbauth [16/Jun/2020:21:35:53 +0000] "GET /pools/default/buckets/platzi/ddocs HTTP/1.1" 200 11 - Go-http-client/1.1
172.19.0.1 - admin/UI [16/Jun/2020:21:35:53 +0000] "GET /indexStatus HTTP/1.1" 200 437 http://localhost:8091/ui/index.html Mozilla/5.0 (Macintosh; Intel Mac OS X 10_15_5) AppleWebKit/537.36 (KHTML, like Gecko) Chrome/83.0.4103.106 Safari/537.36
172.19.0.1 - admin/UI [16/Jun/2020:21:35:53 +0000] "GET /pools/default/buckets/platzi/ddocs HTTP/1.1" 200 11 http://localhost:8091/ui/index.html Mozilla/5.0 (Macintosh; Intel Mac OS X 10_15_5) AppleWebKit/537.36 (KHTML, like Gecko) Chrome/83.0.4103.106 Safari/537.36
127.0.0.1 - admin/UI [16/Jun/2020:21:35:53 +0000] "POST /_cbauth HTTP/1.1" 200 33 - Go-http-client/1.1
172.19.0.1 - admin/UI [16/Jun/2020:21:35:53 +0000] "GET /settings/indexes HTTP/1.1" 200 152 http://localhost:8091/ui/index.html Mozilla/5.0 (Macintosh; Intel Mac OS X 10_15_5) AppleWebKit/537.36 (KHTML, like Gecko) Chrome/83.0.4103.106 Safari/537.36
127.0.0.1 - @cbq-engine-cbauth [16/Jun/2020:21:35:53 +0000] "GET /pools/default?uuid=5a089e7da3564977f29225c27f56ce48 HTTP/1.1" 200 4534 - Go-http-client/1.1
127.0.0.1 - @cbq-engine-cbauth [16/Jun/2020:21:35:53 +0000] "GET /pools/default?uuid=5a089e7da3564977f29225c27f56ce48 HTTP/1.1" 200 4534 - Go-http-client/1.1
172.19.0.1 - admin/UI [16/Jun/2020:21:35:53 +0000] "GET /settings/audit HTTP/1.1" 200 448 http://localhost:8091/ui/index.html Mozilla/5.0 (Macintosh; Intel Mac OS X 10_15_5) AppleWebKit/537.36 (KHTML, like Gecko) Chrome/83.0.4103.106 Safari/537.36
127.0.0.1 - @cbq-engine-cbauth [16/Jun/2020:21:35:53 +0000] "GET /pools/default?uuid=5a089e7da3564977f29225c27f56ce48 HTTP/1.1" 200 4534 - Go-http-client/1.1
172.19.0.1 - admin/UI [16/Jun/2020:21:35:53 +0000] "GET /settings/autoFailover HTTP/1.1" 200 168 http://localhost:8091/ui/index.html Mozilla/5.0 (Macintosh; Intel Mac OS X 10_15_5) AppleWebKit/537.36 (KHTML, like Gecko) Chrome/83.0.4103.106 Safari/537.36
172.19.0.1 - admin/UI [16/Jun/2020:21:35:53 +0000] "GET /settings/autoCompaction HTTP/1.1" 200 485 http://localhost:8091/ui/index.html Mozilla/5.0 (Macintosh; Intel Mac OS X 10_15_5) AppleWebKit/537.36 (KHTML, like Gecko) Chrome/83.0.4103.106 Safari/537.36
127.0.0.1 - admin/UI [16/Jun/2020:21:35:53 +0000] "POST /_cbauth HTTP/1.1" 200 33 - Go-http-client/1.1
172.19.0.1 - admin/UI [16/Jun/2020:21:35:53 +0000] "GET /pools/default/remoteClusters HTTP/1.1" 200 2 http://localhost:8091/ui/index.html Mozilla/5.0 (Macintosh; Intel Mac OS X 10_15_5) AppleWebKit/537.36 (KHTML, like Gecko) Chrome/83.0.4103.106 Safari/537.36
127.0.0.1 - @cbq-engine-cbauth [16/Jun/2020:21:35:53 +0000] "GET /pools/default/buckets?v=131324991&uuid=5a089e7da3564977f29225c27f56ce48 HTTP/1.1" 200 7254 - Go-http-client/1.1
127.0.0.1 - admin/UI [16/Jun/2020:21:35:53 +0000] "POST /_cbauth HTTP/1.1" 200 33 - Go-http-client/1.1
127.0.0.1 - @cbq-engine-cbauth [16/Jun/2020:21:35:53 +0000] "GET /pools/default/buckets/platzi/ddocs HTTP/1.1" 200 11 - Go-http-client/1.1
127.0.0.1 - admin/UI [16/Jun/2020:21:35:53 +0000] "POST /_cbauth HTTP/1.1" 200 33 - Go-http-client/1.1
127.0.0.1 - @cbq-engine-cbauth [16/Jun/2020:21:35:53 +0000] "GET /pools/default/buckets?v=131324991&uuid=5a089e7da3564977f29225c27f56ce48 HTTP/1.1" 200 7254 - Go-http-client/1.1
127.0.0.1 - @cbq-engine-cbauth [16/Jun/2020:21:35:53 +0000] "GET /pools/default/buckets?v=131324991&uuid=5a089e7da3564977f29225c27f56ce48 HTTP/1.1" 200 7254 - Go-http-client/1.1
127.0.0.1 - admin/UI [16/Jun/2020:21:35:53 +0000] "POST /_cbauth HTTP/1.1" 200 33 - Go-http-client/1.1
127.0.0.1 - @eventing-cbauth [16/Jun/2020:21:35:53 +0000] "GET /_metakv/eventing/config/keepNodes HTTP/1.1" 200 149 - Go-http-client/1.1
127.0.0.1 - @cbq-engine-cbauth [16/Jun/2020:21:35:53 +0000] "GET /pools/default/buckets/platzi/ddocs HTTP/1.1" 200 11 - Go-http-client/1.1
127.0.0.1 - admin/UI [16/Jun/2020:21:35:53 +0000] "POST /_cbauth HTTP/1.1" 200 33 - Go-http-client/1.1
127.0.0.1 - admin/UI [16/Jun/2020:21:35:53 +0000] "POST /_cbauth HTTP/1.1" 200 33 - Apache-HttpClient/4.5.11 (Java/11.0.6)
127.0.0.1 - admin/UI [16/Jun/2020:21:35:53 +0000] "POST /_cbauth HTTP/1.1" 200 33 - Go-http-client/1.1
172.19.0.1 - admin/UI [16/Jun/2020:21:35:53 +0000] "POST /_p/query/query/service HTTP/1.1" 200 chunked http://localhost:8091/ui/index.html Mozilla/5.0 (Macintosh; Intel Mac OS X 10_15_5) AppleWebKit/537.36 (KHTML, like Gecko) Chrome/83.0.4103.106 Safari/537.36
127.0.0.1 - @eventing-cbauth [16/Jun/2020:21:35:53 +0000] "GET /_metakv/eventing/config/keepNodes HTTP/1.1" 200 149 - Go-http-client/1.1
172.19.0.1 - admin/UI [16/Jun/2020:21:35:53 +0000] "GET /_p/event/api/v1/status HTTP/1.1" 200 chunked http://localhost:8091/ui/index.html Mozilla/5.0 (Macintosh; Intel Mac OS X 10_15_5) AppleWebKit/537.36 (KHTML, like Gecko) Chrome/83.0.4103.106 Safari/537.36
172.19.0.1 - admin/UI [16/Jun/2020:21:35:53 +0000] "GET /settings/ldap HTTP/1.1" 200 356 http://localhost:8091/ui/index.html Mozilla/5.0 (Macintosh; Intel Mac OS X 10_15_5) AppleWebKit/537.36 (KHTML, like Gecko) Chrome/83.0.4103.106 Safari/537.36
127.0.0.1 - admin/UI [16/Jun/2020:21:35:53 +0000] "POST /pools/default/checkPermissions HTTP/1.1" 200 124 - Apache-HttpClient/4.5.11 (Java/11.0.6)
172.19.0.1 - admin/UI [16/Jun/2020:21:35:53 +0000] "GET /_uistats?bucket=platzi&zoom=week HTTP/1.1" 200 784 http://localhost:8091/ui/index.html Mozilla/5.0 (Macintosh; Intel Mac OS X 10_15_5) AppleWebKit/537.36 (KHTML, like Gecko) Chrome/83.0.4103.106 Safari/537.36
127.0.0.1 - admin/UI [16/Jun/2020:21:35:53 +0000] "POST /_cbauth HTTP/1.1" 200 33 - Go-http-client/1.1
127.0.0.1 - @cbq-engine-cbauth [16/Jun/2020:21:35:53 +0000] "GET /pools/default/buckets/platzi?bucket_uuid=afd2b81586cc3bbf24b79179d05c51d0 HTTP/1.1" 200 7252 - Go-http-client/1.1
127.0.0.1 - @cbas [16/Jun/2020:21:35:53 +0000] "GET /_cbauth/checkPermission?user=admin&domain=admin&permission=cluster.analytics%21select HTTP/1.1" 200 0 - Apache-HttpClient/4.5.11 (Java/11.0.6)
172.19.0.1 - admin/UI [16/Jun/2020:21:35:53 +0000] "POST /_p/query/query/service HTTP/1.1" 200 chunked http://localhost:8091/ui/index.html Mozilla/5.0 (Macintosh; Intel Mac OS X 10_15_5) AppleWebKit/537.36 (KHTML, like Gecko) Chrome/83.0.4103.106 Safari/537.36
127.0.0.1 - admin/UI [16/Jun/2020:21:35:53 +0000] "POST /_cbauth HTTP/1.1" 200 33 - Go-http-client/1.1
127.0.0.1 - @cbq-engine-cbauth [16/Jun/2020:21:35:53 +0000] "GET /pools/default?uuid=5a089e7da3564977f29225c27f56ce48 HTTP/1.1" 200 4534 - Go-http-client/1.1
127.0.0.1 - @cbq-engine-cbauth [16/Jun/2020:21:35:53 +0000] "GET /pools/default/buckets?v=131324991&uuid=5a089e7da3564977f29225c27f56ce48 HTTP/1.1" 200 7254 - Go-http-client/1.1
127.0.0.1 - @cbq-engine-cbauth [16/Jun/2020:21:35:53 +0000] "GET /pools/default/buckets/platzi/ddocs HTTP/1.1" 200 11 - Go-http-client/1.1
127.0.0.1 - admin/UI [16/Jun/2020:21:35:53 +0000] "POST /_cbauth HTTP/1.1" 200 33 - Go-http-client/1.1
172.19.0.1 - admin/UI [16/Jun/2020:21:35:53 +0000] "POST /_p/query/query/service HTTP/1.1" 200 chunked http://localhost:8091/ui/index.html Mozilla/5.0 (Macintosh; Intel Mac OS X 10_15_5) AppleWebKit/537.36 (KHTML, like Gecko) Chrome/83.0.4103.106 Safari/537.36
127.0.0.1 - @cbq-engine-cbauth [16/Jun/2020:21:35:53 +0000] "GET /pools/default/buckets/platzi/ddocs HTTP/1.1" 200 11 - Go-http-client/1.1
172.19.0.1 - admin/UI [16/Jun/2020:21:35:53 +0000] "POST /_uistats HTTP/1.1" 200 1411 http://localhost:8091/ui/index.html Mozilla/5.0 (Macintosh; Intel Mac OS X 10_15_5) AppleWebKit/537.36 (KHTML, like Gecko) Chrome/83.0.4103.106 Safari/537.36
172.19.0.1 - admin/UI [16/Jun/2020:21:35:53 +0000] "GET /pools/default?etag=62092555&waitChange=10000 HTTP/1.1" 200 4610 http://localhost:8091/ui/index.html Mozilla/5.0 (Macintosh; Intel Mac OS X 10_15_5) AppleWebKit/537.36 (KHTML, like Gecko) Chrome/83.0.4103.106 Safari/537.36
127.0.0.1 - admin/UI [16/Jun/2020:21:35:53 +0000] "POST /_cbauth HTTP/1.1" 200 33 - Go-http-client/1.1
172.19.0.1 - admin/UI [16/Jun/2020:21:35:53 +0000] "POST /_p/query/query/service HTTP/1.1" 200 chunked http://localhost:8091/ui/index.html Mozilla/5.0 (Macintosh; Intel Mac OS X 10_15_5) AppleWebKit/537.36 (KHTML, like Gecko) Chrome/83.0.4103.106 Safari/537.36
127.0.0.1 - @cbq-engine-cbauth [16/Jun/2020:21:35:53 +0000] "GET /pools/default/buckets/platzi/ddocs HTTP/1.1" 200 11 - Go-http-client/1.1
127.0.0.1 - @cbq-engine-cbauth [16/Jun/2020:21:35:54 +0000] "GET /pools/default/buckets/platzi/ddocs HTTP/1.1" 200 11 - Go-http-client/1.1
127.0.0.1 - @cbq-engine-cbauth [16/Jun/2020:21:35:54 +0000] "GET /pools/default/buckets/platzi/ddocs HTTP/1.1" 200 11 - Go-http-client/1.1
172.19.0.1 - admin/UI [16/Jun/2020:21:35:55 +0000] "POST /_uistats HTTP/1.1" 200 1483 http://localhost:8091/ui/index.html Mozilla/5.0 (Macintosh; Intel Mac OS X 10_15_5) AppleWebKit/537.36 (KHTML, like Gecko) Chrome/83.0.4103.106 Safari/537.36
127.0.0.1 - @cbq-engine-cbauth [16/Jun/2020:21:35:55 +0000] "GET /pools/default/buckets/platzi/ddocs HTTP/1.1" 200 11 - Go-http-client/1.1
172.19.0.1 - admin/UI [16/Jun/2020:21:35:55 +0000] "GET /pools/default/pendingRetryRebalance HTTP/1.1" 200 33 http://localhost:8091/ui/index.html Mozilla/5.0 (Macintosh; Intel Mac OS X 10_15_5) AppleWebKit/537.36 (KHTML, like Gecko) Chrome/83.0.4103.106 Safari/537.36
127.0.0.1 - @cbq-engine-cbauth [16/Jun/2020:21:35:55 +0000] "GET /pools/default/buckets/platzi/ddocs HTTP/1.1" 200 11 - Go-http-client/1.1
127.0.0.1 - @index-cbauth [16/Jun/2020:21:35:55 +0000] "GET /pools/default/buckets/platzi?bucket_uuid=afd2b81586cc3bbf24b79179d05c51d0 HTTP/1.1" 200 7252 - Go-http-client/1.1
127.0.0.1 - @projector-cbauth [16/Jun/2020:21:35:56 +0000] "GET /pools/default/buckets/platzi?bucket_uuid=afd2b81586cc3bbf24b79179d05c51d0 HTTP/1.1" 200 7252 - Go-http-client/1.1
172.19.0.1 - admin/UI [16/Jun/2020:21:35:56 +0000] "POST /_uistats HTTP/1.1" 200 1411 http://localhost:8091/ui/index.html Mozilla/5.0 (Macintosh; Intel Mac OS X 10_15_5) AppleWebKit/537.36 (KHTML, like Gecko) Chrome/83.0.4103.106 Safari/537.36
127.0.0.1 - @cbq-engine-cbauth [16/Jun/2020:21:35:56 +0000] "GET /pools/default/buckets/platzi/ddocs HTTP/1.1" 200 11 - Go-http-client/1.1
172.19.0.1 - admin/UI [16/Jun/2020:21:35:56 +0000] "POST /_p/cbas/query/service HTTP/1.1" 200 chunked http://localhost:8091/ui/index.html Mozilla/5.0 (Macintosh; Intel Mac OS X 10_15_5) AppleWebKit/537.36 (KHTML, like Gecko) Chrome/83.0.4103.106 Safari/537.36
127.0.0.1 - @cbq-engine-cbauth [16/Jun/2020:21:35:56 +0000] "GET /pools/default/buckets/platzi/ddocs HTTP/1.1" 200 11 - Go-http-client/1.1
127.0.0.1 - @cbq-engine-cbauth [16/Jun/2020:21:35:57 +0000] "GET /pools/default/buckets/platzi/ddocs HTTP/1.1" 200 11 - Go-http-client/1.1
172.19.0.1 - admin/UI [16/Jun/2020:21:35:57 +0000] "POST /_uistats HTTP/1.1" 200 1411 http://localhost:8091/ui/index.html Mozilla/5.0 (Macintosh; Intel Mac OS X 10_15_5) AppleWebKit/537.36 (KHTML, like Gecko) Chrome/83.0.4103.106 Safari/537.36
127.0.0.1 - @cbq-engine-cbauth [16/Jun/2020:21:35:57 +0000] "GET /pools/default/buckets/platzi/ddocs HTTP/1.1" 200 11 - Go-http-client/1.1
127.0.0.1 - @cbq-engine-cbauth [16/Jun/2020:21:35:58 +0000] "GET /pools/default/buckets/platzi/ddocs HTTP/1.1" 200 11 - Go-http-client/1.1
127.0.0.1 - @cbq-engine-cbauth [16/Jun/2020:21:35:58 +0000] "GET /pools/default/buckets/platzi/ddocs HTTP/1.1" 200 11 - Go-http-client/1.1
127.0.0.1 - @cbq-engine-cbauth [16/Jun/2020:21:35:59 +0000] "GET /pools/default/buckets/platzi/ddocs HTTP/1.1" 200 11 - Go-http-client/1.1
127.0.0.1 - @cbq-engine-cbauth [16/Jun/2020:21:35:59 +0000] "GET /pools/default/buckets/platzi/ddocs HTTP/1.1" 200 11 - Go-http-client/1.1
127.0.0.1 - @cbq-engine-cbauth [16/Jun/2020:21:36:00 +0000] "GET /pools/default/buckets/platzi/ddocs HTTP/1.1" 200 11 - Go-http-client/1.1
127.0.0.1 - @cbq-engine-cbauth [16/Jun/2020:21:36:00 +0000] "GET /pools/default/buckets/platzi/ddocs HTTP/1.1" 200 11 - Go-http-client/1.1
127.0.0.1 - @cbq-engine-cbauth [16/Jun/2020:21:36:01 +0000] "GET /pools/default/buckets/platzi/ddocs HTTP/1.1" 200 11 - Go-http-client/1.1
127.0.0.1 - @cbq-engine-cbauth [16/Jun/2020:21:36:01 +0000] "GET /pools/default/buckets/platzi/ddocs HTTP/1.1" 200 11 - Go-http-client/1.1
127.0.0.1 - @cbq-engine-cbauth [16/Jun/2020:21:36:02 +0000] "GET /pools/default/buckets/platzi/ddocs HTTP/1.1" 200 11 - Go-http-client/1.1
172.19.0.1 - admin/UI [16/Jun/2020:21:36:02 +0000] "GET /pools/default?etag=62092555&waitChange=10000 HTTP/1.1" 200 4612 http://localhost:8091/ui/index.html Mozilla/5.0 (Macintosh; Intel Mac OS X 10_15_5) AppleWebKit/537.36 (KHTML, like Gecko) Chrome/83.0.4103.106 Safari/537.36
127.0.0.1 - @cbq-engine-cbauth [16/Jun/2020:21:36:02 +0000] "GET /pools/default/buckets/platzi/ddocs HTTP/1.1" 200 11 - Go-http-client/1.1
127.0.0.1 - @cbq-engine-cbauth [16/Jun/2020:21:36:03 +0000] "GET /pools/default/buckets/platzi/ddocs HTTP/1.1" 200 11 - Go-http-client/1.1
127.0.0.1 - @cbq-engine-cbauth [16/Jun/2020:21:36:04 +0000] "GET /pools/default/buckets/platzi/ddocs HTTP/1.1" 200 11 - Go-http-client/1.1
127.0.0.1 - @cbq-engine-cbauth [16/Jun/2020:21:36:04 +0000] "GET /pools/default/buckets/platzi/ddocs HTTP/1.1" 200 11 - Go-http-client/1.1
127.0.0.1 - @cbq-engine-cbauth [16/Jun/2020:21:36:04 +0000] "GET /pools/default/buckets/platzi/ddocs HTTP/1.1" 200 11 - Go-http-client/1.1
127.0.0.1 - @cbq-engine-cbauth [16/Jun/2020:21:36:05 +0000] "GET /pools/default/buckets/platzi/ddocs HTTP/1.1" 200 11 - Go-http-client/1.1
172.19.0.1 - admin/UI [16/Jun/2020:21:36:05 +0000] "GET /pools/default/pendingRetryRebalance HTTP/1.1" 200 33 http://localhost:8091/ui/index.html Mozilla/5.0 (Macintosh; Intel Mac OS X 10_15_5) AppleWebKit/537.36 (KHTML, like Gecko) Chrome/83.0.4103.106 Safari/537.36
172.19.0.1 - admin/UI [16/Jun/2020:21:36:05 +0000] "GET /indexStatus HTTP/1.1" 200 437 http://localhost:8091/ui/index.html Mozilla/5.0 (Macintosh; Intel Mac OS X 10_15_5) AppleWebKit/537.36 (KHTML, like Gecko) Chrome/83.0.4103.106 Safari/537.36
172.19.0.1 - admin/UI [16/Jun/2020:21:36:05 +0000] "GET /settings/autoFailover HTTP/1.1" 200 168 http://localhost:8091/ui/index.html Mozilla/5.0 (Macintosh; Intel Mac OS X 10_15_5) AppleWebKit/537.36 (KHTML, like Gecko) Chrome/83.0.4103.106 Safari/537.36
172.19.0.1 - admin/UI [16/Jun/2020:21:36:05 +0000] "GET /pools/default/tasks HTTP/1.1" 200 96 http://localhost:8091/ui/index.html Mozilla/5.0 (Macintosh; Intel Mac OS X 10_15_5) AppleWebKit/537.36 (KHTML, like Gecko) Chrome/83.0.4103.106 Safari/537.36
172.19.0.1 - admin/UI [16/Jun/2020:21:36:05 +0000] "POST /_uistats HTTP/1.1" 200 1438 http://localhost:8091/ui/index.html Mozilla/5.0 (Macintosh; Intel Mac OS X 10_15_5) AppleWebKit/537.36 (KHTML, like Gecko) Chrome/83.0.4103.106 Safari/537.36
127.0.0.1 - @cbq-engine-cbauth [16/Jun/2020:21:36:05 +0000] "GET /pools/default/buckets/platzi/ddocs HTTP/1.1" 200 11 - Go-http-client/1.1
127.0.0.1 - @index-cbauth [16/Jun/2020:21:36:05 +0000] "GET /pools/default/buckets/platzi?bucket_uuid=afd2b81586cc3bbf24b79179d05c51d0 HTTP/1.1" 200 7254 - Go-http-client/1.1
127.0.0.1 - @projector-cbauth [16/Jun/2020:21:36:06 +0000] "GET /pools/default/buckets/platzi?bucket_uuid=afd2b81586cc3bbf24b79179d05c51d0 HTTP/1.1" 200 7254 - Go-http-client/1.1
127.0.0.1 - @cbq-engine-cbauth [16/Jun/2020:21:36:06 +0000] "GET /pools/default/buckets/platzi/ddocs HTTP/1.1" 200 11 - Go-http-client/1.1
127.0.0.1 - @cbq-engine-cbauth [16/Jun/2020:21:36:06 +0000] "GET /pools/default/buckets/platzi/ddocs HTTP/1.1" 200 11 - Go-http-client/1.1
127.0.0.1 - @cbq-engine-cbauth [16/Jun/2020:21:36:07 +0000] "GET /pools/default/buckets/platzi/ddocs HTTP/1.1" 200 11 - Go-http-client/1.1
127.0.0.1 - @cbq-engine-cbauth [16/Jun/2020:21:36:07 +0000] "GET /pools/default/buckets/platzi/ddocs HTTP/1.1" 200 11 - Go-http-client/1.1
127.0.0.1 - @cbq-engine-cbauth [16/Jun/2020:21:36:08 +0000] "GET /pools/default/buckets/platzi/ddocs HTTP/1.1" 200 11 - Go-http-client/1.1
127.0.0.1 - @cbq-engine-cbauth [16/Jun/2020:21:36:08 +0000] "GET /pools/default/buckets/platzi/ddocs HTTP/1.1" 200 11 - Go-http-client/1.1
172.19.0.1 - admin [16/Jun/2020:21:36:08 +0000] "GET /pools/default/bs/platzi HTTP/1.1" 200 chunked - libcouchbase/3.0.2-njs couchnode/3.0.3 (node/14.3.0; v8/8.1.307.31-node.33; ssl/1.1.1g)
127.0.0.1 - @cbq-engine-cbauth [16/Jun/2020:21:36:09 +0000] "GET /pools/default/buckets/platzi/ddocs HTTP/1.1" 200 11 - Go-http-client/1.1
127.0.0.1 - @cbq-engine-cbauth [16/Jun/2020:21:36:09 +0000] "GET /pools/default/buckets/platzi/ddocs HTTP/1.1" 200 11 - Go-http-client/1.1
127.0.0.1 - @cbq-engine-cbauth [16/Jun/2020:21:36:10 +0000] "GET /pools/default/buckets/platzi/ddocs HTTP/1.1" 200 11 - Go-http-client/1.1
127.0.0.1 - @cbq-engine-cbauth [16/Jun/2020:21:36:10 +0000] "GET /pools/default/buckets/platzi/ddocs HTTP/1.1" 200 11 - Go-http-client/1.1
172.19.0.1 - admin [16/Jun/2020:21:36:10 +0000] "GET /pools/default/bs/platzi HTTP/1.1" 200 chunked - libcouchbase/3.0.2-njs couchnode/3.0.3 (node/14.3.0; v8/8.1.307.31-node.33; ssl/1.1.1g)
127.0.0.1 - @cbq-engine-cbauth [16/Jun/2020:21:36:11 +0000] "GET /pools/default/buckets/platzi/ddocs HTTP/1.1" 200 11 - Go-http-client/1.1
127.0.0.1 - @cbq-engine-cbauth [16/Jun/2020:21:36:11 +0000] "GET /pools/default/buckets/platzi/ddocs HTTP/1.1" 200 11 - Go-http-client/1.1
127.0.0.1 - @cbq-engine-cbauth [16/Jun/2020:21:36:12 +0000] "GET /pools/default/buckets/platzi/ddocs HTTP/1.1" 200 11 - Go-http-client/1.1
127.0.0.1 - @index-cbauth [16/Jun/2020:21:36:12 +0000] "GET /_metakv/indexing/rebalance/ HTTP/1.1" 200 chunked - Go-http-client/1.1
172.19.0.1 - admin/UI [16/Jun/2020:21:36:12 +0000] "GET /pools/default?etag=62092555&waitChange=10000 HTTP/1.1" 200 4612 http://localhost:8091/ui/index.html Mozilla/5.0 (Macintosh; Intel Mac OS X 10_15_5) AppleWebKit/537.36 (KHTML, like Gecko) Chrome/83.0.4103.106 Safari/537.36
127.0.0.1 - @cbq-engine-cbauth [16/Jun/2020:21:36:12 +0000] "GET /pools/default/buckets/platzi/ddocs HTTP/1.1" 200 11 - Go-http-client/1.1
127.0.0.1 - @cbq-engine-cbauth [16/Jun/2020:21:36:13 +0000] "GET /pools/default/buckets/platzi/ddocs HTTP/1.1" 200 11 - Go-http-client/1.1
127.0.0.1 - @cbq-engine-cbauth [16/Jun/2020:21:36:13 +0000] "GET /pools/default/buckets/platzi/ddocs HTTP/1.1" 200 11 - Go-http-client/1.1
172.19.0.1 - admin [16/Jun/2020:21:36:14 +0000] "GET /pools/default/bs/platzi HTTP/1.1" 200 chunked - libcouchbase/3.0.2-njs couchnode/3.0.3 (node/14.3.0; v8/8.1.307.31-node.33; ssl/1.1.1g)
127.0.0.1 - @cbq-engine-cbauth [16/Jun/2020:21:36:14 +0000] "GET /pools/default/buckets/platzi/ddocs HTTP/1.1" 200 11 - Go-http-client/1.1
127.0.0.1 - @cbq-engine-cbauth [16/Jun/2020:21:36:14 +0000] "GET /pools/default/buckets/platzi/ddocs HTTP/1.1" 200 11 - Go-http-client/1.1
127.0.0.1 - @cbq-engine-cbauth [16/Jun/2020:21:36:15 +0000] "GET /pools/default/buckets/platzi/ddocs HTTP/1.1" 200 11 - Go-http-client/1.1
127.0.0.1 - @cbq-engine-cbauth [16/Jun/2020:21:36:15 +0000] "GET /pools/default/buckets/platzi/ddocs HTTP/1.1" 200 11 - Go-http-client/1.1
127.0.0.1 - @index-cbauth [16/Jun/2020:21:36:16 +0000] "GET /pools/default/buckets/platzi?bucket_uuid=afd2b81586cc3bbf24b79179d05c51d0 HTTP/1.1" 200 7254 - Go-http-client/1.1
127.0.0.1 - @projector-cbauth [16/Jun/2020:21:36:16 +0000] "GET /pools/default/buckets/platzi?bucket_uuid=afd2b81586cc3bbf24b79179d05c51d0 HTTP/1.1" 200 7254 - Go-http-client/1.1
127.0.0.1 - @cbq-engine-cbauth [16/Jun/2020:21:36:16 +0000] "GET /pools/default/buckets/platzi/ddocs HTTP/1.1" 200 11 - Go-http-client/1.1
127.0.0.1 - @cbq-engine-cbauth [16/Jun/2020:21:36:16 +0000] "GET /pools/default/buckets/platzi/ddocs HTTP/1.1" 200 11 - Go-http-client/1.1
127.0.0.1 - @cbq-engine-cbauth [16/Jun/2020:21:36:17 +0000] "GET /pools/default/buckets/platzi/ddocs HTTP/1.1" 200 11 - Go-http-client/1.1
127.0.0.1 - @cbq-engine-cbauth [16/Jun/2020:21:36:17 +0000] "GET /pools/default/buckets/platzi/ddocs HTTP/1.1" 200 11 - Go-http-client/1.1
127.0.0.1 - @cbq-engine-cbauth [16/Jun/2020:21:36:18 +0000] "GET /pools/default/buckets/platzi/ddocs HTTP/1.1" 200 11 - Go-http-client/1.1
127.0.0.1 - @cbq-engine-cbauth [16/Jun/2020:21:36:18 +0000] "GET /pools/default/buckets/platzi/ddocs HTTP/1.1" 200 11 - Go-http-client/1.1
172.19.0.1 - admin/UI [16/Jun/2020:21:36:19 +0000] "GET /pools/default/pendingRetryRebalance HTTP/1.1" 200 33 http://localhost:8091/ui/index.html Mozilla/5.0 (Macintosh; Intel Mac OS X 10_15_5) AppleWebKit/537.36 (KHTML, like Gecko) Chrome/83.0.4103.106 Safari/537.36
172.19.0.1 - admin/UI [16/Jun/2020:21:36:19 +0000] "GET /settings/autoFailover HTTP/1.1" 200 168 http://localhost:8091/ui/index.html Mozilla/5.0 (Macintosh; Intel Mac OS X 10_15_5) AppleWebKit/537.36 (KHTML, like Gecko) Chrome/83.0.4103.106 Safari/537.36
172.19.0.1 - admin/UI [16/Jun/2020:21:36:19 +0000] "GET /indexStatus HTTP/1.1" 200 437 http://localhost:8091/ui/index.html Mozilla/5.0 (Macintosh; Intel Mac OS X 10_15_5) AppleWebKit/537.36 (KHTML, like Gecko) Chrome/83.0.4103.106 Safari/537.36
172.19.0.1 - admin/UI [16/Jun/2020:21:36:19 +0000] "GET /pools/default/tasks HTTP/1.1" 200 96 http://localhost:8091/ui/index.html Mozilla/5.0 (Macintosh; Intel Mac OS X 10_15_5) AppleWebKit/537.36 (KHTML, like Gecko) Chrome/83.0.4103.106 Safari/537.36
127.0.0.1 - @cbq-engine-cbauth [16/Jun/2020:21:36:19 +0000] "GET /pools/default/buckets/platzi/ddocs HTTP/1.1" 200 11 - Go-http-client/1.1
172.19.0.1 - admin/UI [16/Jun/2020:21:36:19 +0000] "POST /_uistats HTTP/1.1" 200 1447 http://localhost:8091/ui/index.html Mozilla/5.0 (Macintosh; Intel Mac OS X 10_15_5) AppleWebKit/537.36 (KHTML, like Gecko) Chrome/83.0.4103.106 Safari/537.36
127.0.0.1 - @cbq-engine-cbauth [16/Jun/2020:21:36:19 +0000] "GET /pools/default/buckets/platzi/ddocs HTTP/1.1" 200 11 - Go-http-client/1.1
127.0.0.1 - @cbq-engine-cbauth [16/Jun/2020:21:36:20 +0000] "GET /pools/default/buckets/platzi/ddocs HTTP/1.1" 200 11 - Go-http-client/1.1
127.0.0.1 - @cbq-engine-cbauth [16/Jun/2020:21:36:20 +0000] "GET /pools/default/buckets/platzi/ddocs HTTP/1.1" 200 11 - Go-http-client/1.1
172.19.0.1 - admin/UI [16/Jun/2020:21:36:20 +0000] "POST /_uistats HTTP/1.1" 200 1411 http://localhost:8091/ui/index.html Mozilla/5.0 (Macintosh; Intel Mac OS X 10_15_5) AppleWebKit/537.36 (KHTML, like Gecko) Chrome/83.0.4103.106 Safari/537.36
127.0.0.1 - @cbq-engine-cbauth [16/Jun/2020:21:36:21 +0000] "GET /pools/default/buckets/platzi/ddocs HTTP/1.1" 200 11 - Go-http-client/1.1
127.0.0.1 - @cbq-engine-cbauth [16/Jun/2020:21:36:21 +0000] "GET /pools/default/buckets/platzi/ddocs HTTP/1.1" 200 11 - Go-http-client/1.1
127.0.0.1 - @cbq-engine-cbauth [16/Jun/2020:21:36:22 +0000] "GET /pools/default/buckets/platzi/ddocs HTTP/1.1" 200 11 - Go-http-client/1.1
172.19.0.1 - admin/UI [16/Jun/2020:21:36:22 +0000] "GET /pools/default?etag=62092555&waitChange=10000 HTTP/1.1" 200 4612 http://localhost:8091/ui/index.html Mozilla/5.0 (Macintosh; Intel Mac OS X 10_15_5) AppleWebKit/537.36 (KHTML, like Gecko) Chrome/83.0.4103.106 Safari/537.36
127.0.0.1 - @cbq-engine-cbauth [16/Jun/2020:21:36:22 +0000] "GET /pools/default/buckets/platzi/ddocs HTTP/1.1" 200 11 - Go-http-client/1.1
127.0.0.1 - @cbq-engine-cbauth [16/Jun/2020:21:36:23 +0000] "GET /pools/default/buckets/platzi/ddocs HTTP/1.1" 200 11 - Go-http-client/1.1
127.0.0.1 - @cbq-engine-cbauth [16/Jun/2020:21:36:23 +0000] "GET /pools/default/buckets/platzi/ddocs HTTP/1.1" 200 11 - Go-http-client/1.1
127.0.0.1 - @cbq-engine-cbauth [16/Jun/2020:21:36:24 +0000] "GET /pools/default/buckets/platzi/ddocs HTTP/1.1" 200 11 - Go-http-client/1.1
127.0.0.1 - @cbq-engine-cbauth [16/Jun/2020:21:36:24 +0000] "GET /pools/default/buckets/platzi/ddocs HTTP/1.1" 200 11 - Go-http-client/1.1
127.0.0.1 - @cbq-engine-cbauth [16/Jun/2020:21:36:25 +0000] "GET /pools/default/buckets/platzi/ddocs HTTP/1.1" 200 11 - Go-http-client/1.1
127.0.0.1 - @cbq-engine-cbauth [16/Jun/2020:21:36:25 +0000] "GET /pools/default/buckets/platzi/ddocs HTTP/1.1" 200 11 - Go-http-client/1.1
127.0.0.1 - @index-cbauth [16/Jun/2020:21:36:26 +0000] "GET /pools/default/buckets/platzi?bucket_uuid=afd2b81586cc3bbf24b79179d05c51d0 HTTP/1.1" 200 7254 - Go-http-client/1.1
127.0.0.1 - @projector-cbauth [16/Jun/2020:21:36:26 +0000] "GET /pools/default/buckets/platzi?bucket_uuid=afd2b81586cc3bbf24b79179d05c51d0 HTTP/1.1" 200 7254 - Go-http-client/1.1
127.0.0.1 - @cbq-engine-cbauth [16/Jun/2020:21:36:26 +0000] "GET /pools/default/buckets/platzi/ddocs HTTP/1.1" 200 11 - Go-http-client/1.1
127.0.0.1 - @cbq-engine-cbauth [16/Jun/2020:21:36:26 +0000] "GET /pools/default/buckets/platzi/ddocs HTTP/1.1" 200 11 - Go-http-client/1.1
127.0.0.1 - @cbq-engine-cbauth [16/Jun/2020:21:36:27 +0000] "GET /pools/default/buckets/platzi/ddocs HTTP/1.1" 200 11 - Go-http-client/1.1
127.0.0.1 - @cbq-engine-cbauth [16/Jun/2020:21:36:27 +0000] "GET /pools/default/buckets/platzi/ddocs HTTP/1.1" 200 11 - Go-http-client/1.1
127.0.0.1 - @cbq-engine-cbauth [16/Jun/2020:21:36:28 +0000] "GET /pools/default/buckets/platzi/ddocs HTTP/1.1" 200 11 - Go-http-client/1.1
127.0.0.1 - @cbq-engine-cbauth [16/Jun/2020:21:36:28 +0000] "GET /pools/default/buckets/platzi/ddocs HTTP/1.1" 200 11 - Go-http-client/1.1
127.0.0.1 - @cbq-engine-cbauth [16/Jun/2020:21:36:29 +0000] "GET /pools/default/buckets/platzi/ddocs HTTP/1.1" 200 11 - Go-http-client/1.1
127.0.0.1 - @cbq-engine-cbauth [16/Jun/2020:21:36:29 +0000] "GET /pools/default/buckets/platzi/ddocs HTTP/1.1" 200 11 - Go-http-client/1.1
127.0.0.1 - @cbq-engine-cbauth [16/Jun/2020:21:36:30 +0000] "GET /pools/default/buckets/platzi/ddocs HTTP/1.1" 200 11 - Go-http-client/1.1
127.0.0.1 - @cbq-engine-cbauth [16/Jun/2020:21:36:30 +0000] "GET /pools/default/buckets/platzi/ddocs HTTP/1.1" 200 11 - Go-http-client/1.1
127.0.0.1 - @cbq-engine-cbauth [16/Jun/2020:21:36:31 +0000] "GET /pools/default/buckets/platzi/ddocs HTTP/1.1" 200 11 - Go-http-client/1.1
127.0.0.1 - @cbq-engine-cbauth [16/Jun/2020:21:36:31 +0000] "GET /pools/default/buckets/platzi/ddocs HTTP/1.1" 200 11 - Go-http-client/1.1
127.0.0.1 - @cbq-engine-cbauth [16/Jun/2020:21:36:32 +0000] "GET /pools/default/buckets/platzi/ddocs HTTP/1.1" 200 11 - Go-http-client/1.1
172.19.0.1 - admin/UI [16/Jun/2020:21:36:32 +0000] "GET /pools/default?etag=62092555&waitChange=10000 HTTP/1.1" 200 4612 http://localhost:8091/ui/index.html Mozilla/5.0 (Macintosh; Intel Mac OS X 10_15_5) AppleWebKit/537.36 (KHTML, like Gecko) Chrome/83.0.4103.106 Safari/537.36
127.0.0.1 - @cbq-engine-cbauth [16/Jun/2020:21:36:32 +0000] "GET /pools/default/buckets/platzi/ddocs HTTP/1.1" 200 11 - Go-http-client/1.1
127.0.0.1 - @cbq-engine-cbauth [16/Jun/2020:21:36:33 +0000] "GET /pools/default/buckets/platzi/ddocs HTTP/1.1" 200 11 - Go-http-client/1.1
127.0.0.1 - @cbq-engine-cbauth [16/Jun/2020:21:36:33 +0000] "GET /pools/default/buckets/platzi/ddocs HTTP/1.1" 200 11 - Go-http-client/1.1
127.0.0.1 - @cbq-engine-cbauth [16/Jun/2020:21:36:34 +0000] "GET /pools/default/buckets/platzi/ddocs HTTP/1.1" 200 11 - Go-http-client/1.1
127.0.0.1 - @cbq-engine-cbauth [16/Jun/2020:21:36:34 +0000] "GET /pools/default/buckets/platzi/ddocs HTTP/1.1" 200 11 - Go-http-client/1.1
127.0.0.1 - @cbq-engine-cbauth [16/Jun/2020:21:36:35 +0000] "GET /pools/default/buckets/platzi/ddocs HTTP/1.1" 200 11 - Go-http-client/1.1
127.0.0.1 - @cbq-engine-cbauth [16/Jun/2020:21:36:35 +0000] "GET /pools/default/buckets/platzi/ddocs HTTP/1.1" 200 11 - Go-http-client/1.1
127.0.0.1 - @index-cbauth [16/Jun/2020:21:36:36 +0000] "GET /pools/default/buckets/platzi?bucket_uuid=afd2b81586cc3bbf24b79179d05c51d0 HTTP/1.1" 200 7254 - Go-http-client/1.1
127.0.0.1 - @projector-cbauth [16/Jun/2020:21:36:36 +0000] "GET /pools/default/buckets/platzi?bucket_uuid=afd2b81586cc3bbf24b79179d05c51d0 HTTP/1.1" 200 7254 - Go-http-client/1.1
127.0.0.1 - @cbq-engine-cbauth [16/Jun/2020:21:36:36 +0000] "GET /pools/default/buckets/platzi/ddocs HTTP/1.1" 200 11 - Go-http-client/1.1
127.0.0.1 - @cbq-engine-cbauth [16/Jun/2020:21:36:36 +0000] "GET /pools/default/buckets/platzi/ddocs HTTP/1.1" 200 11 - Go-http-client/1.1
127.0.0.1 - @cbq-engine-cbauth [16/Jun/2020:21:36:37 +0000] "GET /pools/default/buckets/platzi/ddocs HTTP/1.1" 200 11 - Go-http-client/1.1
127.0.0.1 - @cbq-engine-cbauth [16/Jun/2020:21:36:37 +0000] "GET /pools/default/buckets/platzi/ddocs HTTP/1.1" 200 11 - Go-http-client/1.1
127.0.0.1 - @cbq-engine-cbauth [16/Jun/2020:21:36:38 +0000] "GET /pools/default/buckets/platzi/ddocs HTTP/1.1" 200 11 - Go-http-client/1.1
127.0.0.1 - @cbq-engine-cbauth [16/Jun/2020:21:36:38 +0000] "GET /pools/default/buckets/platzi/ddocs HTTP/1.1" 200 11 - Go-http-client/1.1
127.0.0.1 - @cbq-engine-cbauth [16/Jun/2020:21:36:39 +0000] "GET /pools/default/buckets/platzi/ddocs HTTP/1.1" 200 11 - Go-http-client/1.1
127.0.0.1 - @cbq-engine-cbauth [16/Jun/2020:21:36:39 +0000] "GET /pools/default/buckets/platzi/ddocs HTTP/1.1" 200 11 - Go-http-client/1.1
127.0.0.1 - @cbq-engine-cbauth [16/Jun/2020:21:36:40 +0000] "GET /pools/default/buckets/platzi/ddocs HTTP/1.1" 200 11 - Go-http-client/1.1
127.0.0.1 - @cbq-engine-cbauth [16/Jun/2020:21:36:40 +0000] "GET /pools/default/buckets/platzi/ddocs HTTP/1.1" 200 11 - Go-http-client/1.1
127.0.0.1 - @cbq-engine-cbauth [16/Jun/2020:21:36:41 +0000] "GET /pools/default/buckets/platzi/ddocs HTTP/1.1" 200 11 - Go-http-client/1.1
127.0.0.1 - @cbq-engine-cbauth [16/Jun/2020:21:36:41 +0000] "GET /pools/default/buckets/platzi/ddocs HTTP/1.1" 200 11 - Go-http-client/1.1
127.0.0.1 - @index-cbauth [16/Jun/2020:21:36:42 +0000] "GET /pools HTTP/1.1" 200 870 - Go-http-client/1.1
127.0.0.1 - @index-cbauth [16/Jun/2020:21:36:42 +0000] "GET /pools/default?uuid=5a089e7da3564977f29225c27f56ce48 HTTP/1.1" 200 4536 - Go-http-client/1.1
127.0.0.1 - @index-cbauth [16/Jun/2020:21:36:42 +0000] "GET /pools/default/buckets?v=131324991&uuid=5a089e7da3564977f29225c27f56ce48 HTTP/1.1" 200 7256 - Go-http-client/1.1
127.0.0.1 - @index-cbauth [16/Jun/2020:21:36:42 +0000] "GET /pools/default/b/platzi HTTP/1.1" 200 5391 - Go-http-client/1.1
127.0.0.1 - @index-cbauth [16/Jun/2020:21:36:42 +0000] "GET /pools/default/nodeServices HTTP/1.1" 200 588 - Go-http-client/1.1
127.0.0.1 - @index-cbauth [16/Jun/2020:21:36:42 +0000] "GET /pools/default/serverGroups?v=52184775 HTTP/1.1" 200 1681 - Go-http-client/1.1
127.0.0.1 - @cbq-engine-cbauth [16/Jun/2020:21:36:42 +0000] "GET /pools/default/buckets/platzi/ddocs HTTP/1.1" 200 11 - Go-http-client/1.1
127.0.0.1 - @index-cbauth [16/Jun/2020:21:36:42 +0000] "GET /_metakv/indexing/rebalance/ HTTP/1.1" 200 chunked - Go-http-client/1.1
172.19.0.1 - admin/UI [16/Jun/2020:21:36:42 +0000] "GET /pools/default?etag=62092555&waitChange=10000 HTTP/1.1" 200 4612 http://localhost:8091/ui/index.html Mozilla/5.0 (Macintosh; Intel Mac OS X 10_15_5) AppleWebKit/537.36 (KHTML, like Gecko) Chrome/83.0.4103.106 Safari/537.36
127.0.0.1 - @cbq-engine-cbauth [16/Jun/2020:21:36:42 +0000] "GET /pools/default/buckets/platzi/ddocs HTTP/1.1" 200 11 - Go-http-client/1.1
127.0.0.1 - @cbq-engine-cbauth [16/Jun/2020:21:36:43 +0000] "GET /pools/default/buckets/platzi/ddocs HTTP/1.1" 200 11 - Go-http-client/1.1
127.0.0.1 - @cbq-engine-cbauth [16/Jun/2020:21:36:43 +0000] "GET /pools/default/buckets/platzi/ddocs HTTP/1.1" 200 11 - Go-http-client/1.1
127.0.0.1 - @cbq-engine-cbauth [16/Jun/2020:21:36:44 +0000] "GET /pools/default/buckets/platzi/ddocs HTTP/1.1" 200 11 - Go-http-client/1.1
127.0.0.1 - @cbq-engine-cbauth [16/Jun/2020:21:36:44 +0000] "GET /pools/default/buckets/platzi/ddocs HTTP/1.1" 200 11 - Go-http-client/1.1
127.0.0.1 - @cbq-engine-cbauth [16/Jun/2020:21:36:45 +0000] "GET /pools/default/buckets/platzi/ddocs HTTP/1.1" 200 11 - Go-http-client/1.1
127.0.0.1 - @cbq-engine-cbauth [16/Jun/2020:21:36:45 +0000] "GET /pools/default/buckets/platzi/ddocs HTTP/1.1" 200 11 - Go-http-client/1.1
127.0.0.1 - @index-cbauth [16/Jun/2020:21:36:46 +0000] "GET /pools/default/buckets/platzi?bucket_uuid=afd2b81586cc3bbf24b79179d05c51d0 HTTP/1.1" 200 7254 - Go-http-client/1.1
127.0.0.1 - @projector-cbauth [16/Jun/2020:21:36:46 +0000] "GET /pools/default/buckets/platzi?bucket_uuid=afd2b81586cc3bbf24b79179d05c51d0 HTTP/1.1" 200 7254 - Go-http-client/1.1
127.0.0.1 - @cbq-engine-cbauth [16/Jun/2020:21:36:46 +0000] "GET /pools/default/buckets/platzi/ddocs HTTP/1.1" 200 11 - Go-http-client/1.1
127.0.0.1 - @cbq-engine-cbauth [16/Jun/2020:21:36:46 +0000] "GET /pools/default/buckets/platzi/ddocs HTTP/1.1" 200 11 - Go-http-client/1.1
127.0.0.1 - @cbq-engine-cbauth [16/Jun/2020:21:36:47 +0000] "GET /pools/default/buckets/platzi/ddocs HTTP/1.1" 200 11 - Go-http-client/1.1
127.0.0.1 - @cbq-engine-cbauth [16/Jun/2020:21:36:47 +0000] "GET /pools/default/buckets/platzi/ddocs HTTP/1.1" 200 11 - Go-http-client/1.1
127.0.0.1 - @cbq-engine-cbauth [16/Jun/2020:21:36:48 +0000] "GET /pools/default/buckets/platzi/ddocs HTTP/1.1" 200 11 - Go-http-client/1.1
127.0.0.1 - @cbq-engine-cbauth [16/Jun/2020:21:36:48 +0000] "GET /pools/default/buckets/platzi/ddocs HTTP/1.1" 200 11 - Go-http-client/1.1
127.0.0.1 - @cbq-engine-cbauth [16/Jun/2020:21:36:49 +0000] "GET /pools/default/buckets/platzi/ddocs HTTP/1.1" 200 11 - Go-http-client/1.1
127.0.0.1 - @cbq-engine-cbauth [16/Jun/2020:21:36:49 +0000] "GET /pools/default/buckets/platzi/ddocs HTTP/1.1" 200 11 - Go-http-client/1.1
127.0.0.1 - @cbq-engine-cbauth [16/Jun/2020:21:36:50 +0000] "GET /pools/default/buckets/platzi/ddocs HTTP/1.1" 200 11 - Go-http-client/1.1
127.0.0.1 - @cbq-engine-cbauth [16/Jun/2020:21:36:50 +0000] "GET /pools/default/buckets/platzi/ddocs HTTP/1.1" 200 11 - Go-http-client/1.1
127.0.0.1 - @cbq-engine-cbauth [16/Jun/2020:21:36:51 +0000] "GET /pools/default/buckets/platzi/ddocs HTTP/1.1" 200 11 - Go-http-client/1.1
127.0.0.1 - @cbq-engine-cbauth [16/Jun/2020:21:36:51 +0000] "GET /pools/default/buckets/platzi/ddocs HTTP/1.1" 200 11 - Go-http-client/1.1
127.0.0.1 - @cbq-engine-cbauth [16/Jun/2020:21:36:52 +0000] "GET /pools/default/buckets/platzi/ddocs HTTP/1.1" 200 11 - Go-http-client/1.1
127.0.0.1 - @cbq-engine-cbauth [16/Jun/2020:21:36:52 +0000] "GET /pools/default/buckets/platzi/ddocs HTTP/1.1" 200 11 - Go-http-client/1.1
172.19.0.1 - admin/UI [16/Jun/2020:21:36:52 +0000] "GET /pools/default?etag=62092555&waitChange=10000 HTTP/1.1" 200 4612 http://localhost:8091/ui/index.html Mozilla/5.0 (Macintosh; Intel Mac OS X 10_15_5) AppleWebKit/537.36 (KHTML, like Gecko) Chrome/83.0.4103.106 Safari/537.36
127.0.0.1 - @cbq-engine-cbauth [16/Jun/2020:21:36:53 +0000] "GET /pools/default/buckets/platzi/ddocs HTTP/1.1" 200 11 - Go-http-client/1.1
127.0.0.1 - @cbq-engine-cbauth [16/Jun/2020:21:36:53 +0000] "GET /pools/default/buckets/platzi/ddocs HTTP/1.1" 200 11 - Go-http-client/1.1
127.0.0.1 - @cbq-engine-cbauth [16/Jun/2020:21:36:54 +0000] "GET /pools/default/buckets/platzi/ddocs HTTP/1.1" 200 11 - Go-http-client/1.1
127.0.0.1 - @cbq-engine-cbauth [16/Jun/2020:21:36:54 +0000] "GET /pools/default/buckets/platzi/ddocs HTTP/1.1" 200 11 - Go-http-client/1.1
127.0.0.1 - @cbq-engine-cbauth [16/Jun/2020:21:36:55 +0000] "GET /pools/default/buckets/platzi/ddocs HTTP/1.1" 200 11 - Go-http-client/1.1
127.0.0.1 - @cbq-engine-cbauth [16/Jun/2020:21:36:55 +0000] "GET /pools/default/buckets/platzi/ddocs HTTP/1.1" 200 11 - Go-http-client/1.1
127.0.0.1 - @index-cbauth [16/Jun/2020:21:36:56 +0000] "GET /pools/default/buckets/platzi?bucket_uuid=afd2b81586cc3bbf24b79179d05c51d0 HTTP/1.1" 200 7254 - Go-http-client/1.1
127.0.0.1 - @projector-cbauth [16/Jun/2020:21:36:56 +0000] "GET /pools/default/buckets/platzi?bucket_uuid=afd2b81586cc3bbf24b79179d05c51d0 HTTP/1.1" 200 7254 - Go-http-client/1.1
127.0.0.1 - @cbq-engine-cbauth [16/Jun/2020:21:36:56 +0000] "GET /pools/default/buckets/platzi/ddocs HTTP/1.1" 200 11 - Go-http-client/1.1
127.0.0.1 - @cbq-engine-cbauth [16/Jun/2020:21:36:56 +0000] "GET /pools/default/buckets/platzi/ddocs HTTP/1.1" 200 11 - Go-http-client/1.1
127.0.0.1 - @cbq-engine-cbauth [16/Jun/2020:21:36:57 +0000] "GET /pools/default/buckets/platzi/ddocs HTTP/1.1" 200 11 - Go-http-client/1.1
127.0.0.1 - @cbq-engine-cbauth [16/Jun/2020:21:36:57 +0000] "GET /pools/default/buckets/platzi/ddocs HTTP/1.1" 200 11 - Go-http-client/1.1
127.0.0.1 - @cbq-engine-cbauth [16/Jun/2020:21:36:58 +0000] "GET /pools/default/buckets/platzi/ddocs HTTP/1.1" 200 11 - Go-http-client/1.1
127.0.0.1 - @cbq-engine-cbauth [16/Jun/2020:21:36:58 +0000] "GET /pools/default/buckets/platzi/ddocs HTTP/1.1" 200 11 - Go-http-client/1.1
127.0.0.1 - @cbq-engine-cbauth [16/Jun/2020:21:36:59 +0000] "GET /pools/default/buckets/platzi/ddocs HTTP/1.1" 200 11 - Go-http-client/1.1
127.0.0.1 - @cbq-engine-cbauth [16/Jun/2020:21:36:59 +0000] "GET /pools/default/buckets/platzi/ddocs HTTP/1.1" 200 11 - Go-http-client/1.1
127.0.0.1 - @cbq-engine-cbauth [16/Jun/2020:21:37:00 +0000] "GET /pools/default/buckets/platzi/ddocs HTTP/1.1" 200 11 - Go-http-client/1.1
127.0.0.1 - @cbq-engine-cbauth [16/Jun/2020:21:37:00 +0000] "GET /pools/default/buckets/platzi/ddocs HTTP/1.1" 200 11 - Go-http-client/1.1
127.0.0.1 - @cbq-engine-cbauth [16/Jun/2020:21:37:01 +0000] "GET /pools/default/buckets/platzi/ddocs HTTP/1.1" 200 11 - Go-http-client/1.1
127.0.0.1 - @cbq-engine-cbauth [16/Jun/2020:21:37:01 +0000] "GET /pools/default/buckets/platzi/ddocs HTTP/1.1" 200 11 - Go-http-client/1.1
127.0.0.1 - @cbq-engine-cbauth [16/Jun/2020:21:37:02 +0000] "GET /pools/default/buckets/platzi/ddocs HTTP/1.1" 200 11 - Go-http-client/1.1
127.0.0.1 - @cbq-engine-cbauth [16/Jun/2020:21:37:02 +0000] "GET /pools/default/buckets/platzi/ddocs HTTP/1.1" 200 11 - Go-http-client/1.1
172.19.0.1 - admin/UI [16/Jun/2020:21:37:02 +0000] "GET /pools/default?etag=62092555&waitChange=10000 HTTP/1.1" 200 4612 http://localhost:8091/ui/index.html Mozilla/5.0 (Macintosh; Intel Mac OS X 10_15_5) AppleWebKit/537.36 (KHTML, like Gecko) Chrome/83.0.4103.106 Safari/537.36
127.0.0.1 - @cbq-engine-cbauth [16/Jun/2020:21:37:03 +0000] "GET /pools/default/buckets/platzi/ddocs HTTP/1.1" 200 11 - Go-http-client/1.1
127.0.0.1 - @cbq-engine-cbauth [16/Jun/2020:21:37:03 +0000] "GET /pools/default/buckets/platzi/ddocs HTTP/1.1" 200 11 - Go-http-client/1.1
127.0.0.1 - @cbq-engine-cbauth [16/Jun/2020:21:37:04 +0000] "GET /pools/default/buckets/platzi/ddocs HTTP/1.1" 200 11 - Go-http-client/1.1
127.0.0.1 - @cbq-engine-cbauth [16/Jun/2020:21:37:04 +0000] "GET /pools/default/buckets/platzi/ddocs HTTP/1.1" 200 11 - Go-http-client/1.1
127.0.0.1 - @cbq-engine-cbauth [16/Jun/2020:21:37:05 +0000] "GET /pools/default/buckets/platzi/ddocs HTTP/1.1" 200 11 - Go-http-client/1.1
127.0.0.1 - @cbq-engine-cbauth [16/Jun/2020:21:37:05 +0000] "GET /pools/default/buckets/platzi/ddocs HTTP/1.1" 200 11 - Go-http-client/1.1
127.0.0.1 - @index-cbauth [16/Jun/2020:21:37:06 +0000] "GET /pools/default/buckets/platzi?bucket_uuid=afd2b81586cc3bbf24b79179d05c51d0 HTTP/1.1" 200 7254 - Go-http-client/1.1
127.0.0.1 - @projector-cbauth [16/Jun/2020:21:37:06 +0000] "GET /pools/default/buckets/platzi?bucket_uuid=afd2b81586cc3bbf24b79179d05c51d0 HTTP/1.1" 200 7254 - Go-http-client/1.1
127.0.0.1 - @cbq-engine-cbauth [16/Jun/2020:21:37:06 +0000] "GET /pools/default/buckets/platzi/ddocs HTTP/1.1" 200 11 - Go-http-client/1.1
127.0.0.1 - @cbq-engine-cbauth [16/Jun/2020:21:37:06 +0000] "GET /pools/default/buckets/platzi/ddocs HTTP/1.1" 200 11 - Go-http-client/1.1
127.0.0.1 - @cbq-engine-cbauth [16/Jun/2020:21:37:07 +0000] "GET /pools/default/buckets/platzi/ddocs HTTP/1.1" 200 11 - Go-http-client/1.1
127.0.0.1 - @cbq-engine-cbauth [16/Jun/2020:21:37:07 +0000] "GET /pools/default/buckets/platzi/ddocs HTTP/1.1" 200 11 - Go-http-client/1.1
127.0.0.1 - @cbq-engine-cbauth [16/Jun/2020:21:37:08 +0000] "GET /pools/default/buckets/platzi/ddocs HTTP/1.1" 200 11 - Go-http-client/1.1
127.0.0.1 - @cbq-engine-cbauth [16/Jun/2020:21:37:08 +0000] "GET /pools/default/buckets/platzi/ddocs HTTP/1.1" 200 11 - Go-http-client/1.1
127.0.0.1 - @cbq-engine-cbauth [16/Jun/2020:21:37:09 +0000] "GET /pools/default/buckets/platzi/ddocs HTTP/1.1" 200 11 - Go-http-client/1.1
127.0.0.1 - @cbq-engine-cbauth [16/Jun/2020:21:37:09 +0000] "GET /pools/default/buckets/platzi/ddocs HTTP/1.1" 200 11 - Go-http-client/1.1
127.0.0.1 - @cbq-engine-cbauth [16/Jun/2020:21:37:10 +0000] "GET /pools/default/buckets/platzi/ddocs HTTP/1.1" 200 11 - Go-http-client/1.1
127.0.0.1 - @cbq-engine-cbauth [16/Jun/2020:21:37:10 +0000] "GET /pools/default/buckets/platzi/ddocs HTTP/1.1" 200 11 - Go-http-client/1.1
127.0.0.1 - @cbq-engine-cbauth [16/Jun/2020:21:37:11 +0000] "GET /pools/default/buckets/platzi/ddocs HTTP/1.1" 200 11 - Go-http-client/1.1
127.0.0.1 - @cbq-engine-cbauth [16/Jun/2020:21:37:11 +0000] "GET /pools/default/buckets/platzi/ddocs HTTP/1.1" 200 11 - Go-http-client/1.1
127.0.0.1 - @cbq-engine-cbauth [16/Jun/2020:21:37:12 +0000] "GET /pools/default/buckets/platzi/ddocs HTTP/1.1" 200 11 - Go-http-client/1.1
127.0.0.1 - @index-cbauth [16/Jun/2020:21:37:12 +0000] "GET /_metakv/indexing/rebalance/ HTTP/1.1" 200 chunked - Go-http-client/1.1
127.0.0.1 - @cbq-engine-cbauth [16/Jun/2020:21:37:12 +0000] "GET /pools/default/buckets/platzi/ddocs HTTP/1.1" 200 11 - Go-http-client/1.1
172.19.0.1 - admin/UI [16/Jun/2020:21:37:12 +0000] "GET /pools/default?etag=62092555&waitChange=10000 HTTP/1.1" 200 4612 http://localhost:8091/ui/index.html Mozilla/5.0 (Macintosh; Intel Mac OS X 10_15_5) AppleWebKit/537.36 (KHTML, like Gecko) Chrome/83.0.4103.106 Safari/537.36
127.0.0.1 - @cbq-engine-cbauth [16/Jun/2020:21:37:13 +0000] "GET /pools/default/buckets/platzi/ddocs HTTP/1.1" 200 11 - Go-http-client/1.1
127.0.0.1 - @cbq-engine-cbauth [16/Jun/2020:21:37:13 +0000] "GET /pools/default/buckets/platzi/ddocs HTTP/1.1" 200 11 - Go-http-client/1.1
127.0.0.1 - @cbq-engine-cbauth [16/Jun/2020:21:37:14 +0000] "GET /pools/default/buckets/platzi/ddocs HTTP/1.1" 200 11 - Go-http-client/1.1
127.0.0.1 - @cbq-engine-cbauth [16/Jun/2020:21:37:14 +0000] "GET /pools/default/buckets/platzi/ddocs HTTP/1.1" 200 11 - Go-http-client/1.1
127.0.0.1 - @cbq-engine-cbauth [16/Jun/2020:21:37:15 +0000] "GET /pools/default/buckets/platzi/ddocs HTTP/1.1" 200 11 - Go-http-client/1.1
127.0.0.1 - @cbq-engine-cbauth [16/Jun/2020:21:37:15 +0000] "GET /pools/default/buckets/platzi/ddocs HTTP/1.1" 200 11 - Go-http-client/1.1
127.0.0.1 - @index-cbauth [16/Jun/2020:21:37:16 +0000] "GET /pools/default/buckets/platzi?bucket_uuid=afd2b81586cc3bbf24b79179d05c51d0 HTTP/1.1" 200 7254 - Go-http-client/1.1
127.0.0.1 - @projector-cbauth [16/Jun/2020:21:37:16 +0000] "GET /pools/default/buckets/platzi?bucket_uuid=afd2b81586cc3bbf24b79179d05c51d0 HTTP/1.1" 200 7254 - Go-http-client/1.1
127.0.0.1 - @cbq-engine-cbauth [16/Jun/2020:21:37:16 +0000] "GET /pools/default/buckets/platzi/ddocs HTTP/1.1" 200 11 - Go-http-client/1.1
127.0.0.1 - @cbq-engine-cbauth [16/Jun/2020:21:37:16 +0000] "GET /pools/default/buckets/platzi/ddocs HTTP/1.1" 200 11 - Go-http-client/1.1
127.0.0.1 - @cbq-engine-cbauth [16/Jun/2020:21:37:17 +0000] "GET /pools/default/buckets/platzi/ddocs HTTP/1.1" 200 11 - Go-http-client/1.1
127.0.0.1 - @cbq-engine-cbauth [16/Jun/2020:21:37:17 +0000] "GET /pools/default/buckets/platzi/ddocs HTTP/1.1" 200 11 - Go-http-client/1.1
127.0.0.1 - @cbq-engine-cbauth [16/Jun/2020:21:37:18 +0000] "GET /pools/default/buckets/platzi/ddocs HTTP/1.1" 200 11 - Go-http-client/1.1
127.0.0.1 - @cbq-engine-cbauth [16/Jun/2020:21:37:18 +0000] "GET /pools/default/buckets/platzi/ddocs HTTP/1.1" 200 11 - Go-http-client/1.1
127.0.0.1 - @cbq-engine-cbauth [16/Jun/2020:21:37:19 +0000] "GET /pools/default/buckets/platzi/ddocs HTTP/1.1" 200 11 - Go-http-client/1.1
127.0.0.1 - @cbq-engine-cbauth [16/Jun/2020:21:37:19 +0000] "GET /pools/default/buckets/platzi/ddocs HTTP/1.1" 200 11 - Go-http-client/1.1
127.0.0.1 - @cbq-engine-cbauth [16/Jun/2020:21:37:20 +0000] "GET /pools/default/buckets/platzi/ddocs HTTP/1.1" 200 11 - Go-http-client/1.1
127.0.0.1 - @cbq-engine-cbauth [16/Jun/2020:21:37:20 +0000] "GET /pools/default/buckets/platzi/ddocs HTTP/1.1" 200 11 - Go-http-client/1.1
127.0.0.1 - @cbq-engine-cbauth [16/Jun/2020:21:37:21 +0000] "GET /pools/default/buckets/platzi/ddocs HTTP/1.1" 200 11 - Go-http-client/1.1
127.0.0.1 - @cbq-engine-cbauth [16/Jun/2020:21:37:21 +0000] "GET /pools/default/buckets/platzi/ddocs HTTP/1.1" 200 11 - Go-http-client/1.1
127.0.0.1 - @cbq-engine-cbauth [16/Jun/2020:21:37:22 +0000] "GET /pools/default/buckets/platzi/ddocs HTTP/1.1" 200 11 - Go-http-client/1.1
127.0.0.1 - @cbq-engine-cbauth [16/Jun/2020:21:37:22 +0000] "GET /pools/default/buckets/platzi/ddocs HTTP/1.1" 200 11 - Go-http-client/1.1
172.19.0.1 - admin/UI [16/Jun/2020:21:37:22 +0000] "GET /pools/default?etag=62092555&waitChange=10000 HTTP/1.1" 200 4611 http://localhost:8091/ui/index.html Mozilla/5.0 (Macintosh; Intel Mac OS X 10_15_5) AppleWebKit/537.36 (KHTML, like Gecko) Chrome/83.0.4103.106 Safari/537.36
127.0.0.1 - @cbq-engine-cbauth [16/Jun/2020:21:37:23 +0000] "GET /pools/default/buckets/platzi/ddocs HTTP/1.1" 200 11 - Go-http-client/1.1
127.0.0.1 - @cbq-engine-cbauth [16/Jun/2020:21:37:23 +0000] "GET /pools/default/buckets/platzi/ddocs HTTP/1.1" 200 11 - Go-http-client/1.1
127.0.0.1 - @cbq-engine-cbauth [16/Jun/2020:21:37:24 +0000] "GET /pools/default/buckets/platzi/ddocs HTTP/1.1" 200 11 - Go-http-client/1.1
127.0.0.1 - @cbq-engine-cbauth [16/Jun/2020:21:37:24 +0000] "GET /pools/default/buckets/platzi/ddocs HTTP/1.1" 200 11 - Go-http-client/1.1
127.0.0.1 - @cbq-engine-cbauth [16/Jun/2020:21:37:25 +0000] "GET /pools/default/buckets/platzi/ddocs HTTP/1.1" 200 11 - Go-http-client/1.1
127.0.0.1 - @cbq-engine-cbauth [16/Jun/2020:21:37:25 +0000] "GET /pools/default/buckets/platzi/ddocs HTTP/1.1" 200 11 - Go-http-client/1.1
127.0.0.1 - @index-cbauth [16/Jun/2020:21:37:26 +0000] "GET /pools/default/buckets/platzi?bucket_uuid=afd2b81586cc3bbf24b79179d05c51d0 HTTP/1.1" 200 7253 - Go-http-client/1.1
127.0.0.1 - @projector-cbauth [16/Jun/2020:21:37:26 +0000] "GET /pools/default/buckets/platzi?bucket_uuid=afd2b81586cc3bbf24b79179d05c51d0 HTTP/1.1" 200 7253 - Go-http-client/1.1
127.0.0.1 - @cbq-engine-cbauth [16/Jun/2020:21:37:26 +0000] "GET /pools/default/buckets/platzi/ddocs HTTP/1.1" 200 11 - Go-http-client/1.1
127.0.0.1 - @cbq-engine-cbauth [16/Jun/2020:21:37:26 +0000] "GET /pools/default/buckets/platzi/ddocs HTTP/1.1" 200 11 - Go-http-client/1.1
127.0.0.1 - @cbq-engine-cbauth [16/Jun/2020:21:37:27 +0000] "GET /pools/default/buckets/platzi/ddocs HTTP/1.1" 200 11 - Go-http-client/1.1
127.0.0.1 - @cbq-engine-cbauth [16/Jun/2020:21:37:28 +0000] "GET /pools/default/buckets/platzi/ddocs HTTP/1.1" 200 11 - Go-http-client/1.1
127.0.0.1 - @cbq-engine-cbauth [16/Jun/2020:21:37:28 +0000] "GET /pools/default/buckets/platzi/ddocs HTTP/1.1" 200 11 - Go-http-client/1.1
127.0.0.1 - @cbq-engine-cbauth [16/Jun/2020:21:37:28 +0000] "GET /pools/default/buckets/platzi/ddocs HTTP/1.1" 200 11 - Go-http-client/1.1
127.0.0.1 - @cbq-engine-cbauth [16/Jun/2020:21:37:29 +0000] "GET /pools/default/buckets/platzi/ddocs HTTP/1.1" 200 11 - Go-http-client/1.1
